main.c:154:5:main	16	static
main.c:224:6:SystemClock_Config	88	static
main.c:269:13:MX_USART2_UART_Init	8	static
main.c:300:13:MX_DMA_Init	16	static
main.c:321:13:MX_GPIO_Init	48	static
main.c:350:6:UARTInit	16	static
main.c:361:6:UARTResetStart	16	static
main.c:365:10:UARTGetRxHead	16	static
main.c:369:9:UARTReadChar	32	static
main.c:384:6:All_mode	24	static
main.c:596:6:UARTRecieveIT	4	static
main.c:621:6:HAL_UART_RxCpltCallback	16	static
main.c:632:6:Error_Handler	4	static,ignoring_inline_asm
