main.c:148:5:main	16	static
main.c:210:6:SystemClock_Config	88	static
main.c:255:13:MX_USART2_UART_Init	8	static
main.c:286:13:MX_DMA_Init	16	static
main.c:307:13:MX_GPIO_Init	48	static
main.c:336:6:UARTInit	16	static
main.c:347:6:UARTResetStart	16	static
main.c:351:10:UARTGetRxHead	16	static
main.c:355:9:UARTReadChar	32	static
main.c:370:6:All_mode	16	static
main.c:580:6:UARTRecieveIT	4	static
main.c:605:6:HAL_UART_RxCpltCallback	16	static
main.c:616:6:Error_Handler	4	static,ignoring_inline_asm
